Package:    FlexibleSUSY
Version:    2.9.0
Date:       Fri 10 Jul 2026 01:17:36 ACST
Git commit: f6c42e0acc243a803d789e613c05eaf2dea2ba2d
(command -v -- getconf gave: /usr/bin/getconf)

# Platform information

hostname = Pengxuans-MacBook-Pro.local
uname -m = arm64
uname -r = 25.5.0
uname -s = Darwin
uname -v = Darwin Kernel Version 25.5.0: Tue Jun  9 22:28:34 PDT 2026; root:xnu-12377.121.10~1/RELEASE_ARM64_T6041
Machine word size: 64

PATH: "/Users/p.zhu/.pyenv/versions/3.13.13/bin"
PATH: "/opt/homebrew/Cellar/pyenv/2.7.1/libexec"
PATH: "/opt/homebrew/Cellar/pyenv/2.7.1/plugins/python-build/bin"
PATH: "/Users/p.zhu/.opencode/bin"
PATH: "/Users/p.zhu/.grok/bin"
PATH: "/Users/p.zhu/.pyenv/shims"
PATH: "/opt/homebrew/bin"
PATH: "/opt/homebrew/sbin"
PATH: "/usr/local/bin"
PATH: "/usr/bin"
PATH: "/bin"
PATH: "/usr/sbin"
PATH: "/sbin"
PATH: "/Library/Apple/usr/bin"
PATH: "/Library/TeX/texbin"
PATH: "/Applications/Warp.app/Contents/Resources/bin"




Checking for RGE solvers ... 
   Result: ok (two_scale semi_analytic shooting)
   Solvers: two_scale semi_analytic shooting
Checking for Mathematica kernel /Users/p.zhu/Jarvis-Workshop/Jarvis-Examples/HinoLLP/deps/program/SARAH/jarvis_math_with_sarah.sh ... (command -v -- /Users/p.zhu/Jarvis-Workshop/Jarvis-Examples/HinoLLP/deps/program/SARAH/jarvis_math_with_sarah.sh gave: /Users/p.zhu/Jarvis-Workshop/Jarvis-Examples/HinoLLP/deps/program/SARAH/jarvis_math_with_sarah.sh)

   Result: found /Users/p.zhu/Jarvis-Workshop/Jarvis-Examples/HinoLLP/deps/program/SARAH/jarvis_math_with_sarah.sh
Checking for Mathematica version >= 11.0 ... 
   Result: ok (version 13.3 for MacOSX-ARM64 in /Applications/Mathematica.app/Contents)
Checking for SARAH installation ... 
   Result: ok (version 4.15.4)
Checking for FeynArts installation ... 
   Result: ok (not installed)
Checking for FormCalc installation ... 
   Result: ok (not installed)
Checking for models ... 
   Result: ok (lowMSSM)
   Models: models/lowMSSM
No addons specified
No optional modules specified
Checking model makefiles
   Updating model-specific modules in models/lowMSSM/module.mk ... (SM MSSM_higgs)
   Depends on model-specific modules: SM MSSM_higgs
Checking model files for required third party libraries
(command -v -- lsb_release gave: )
Checking for C++ compiler g++ ... (command -v -- g++ gave: /usr/bin/g++)

   Result: found /usr/bin/g++
Checking for type of C++ compiler g++ ... 
   Result: Clang
C++ compiler type: clang
Checking for g++ compiler version >= 4.0.0 ... 
   Result: ok (version 21.0.0)
   Required g++ version: 4.0.0
   g++ version found: 21.0.0
Checking for Fortran compiler gfortran ... (command -v -- gfortran gave: /opt/homebrew/bin/gfortran)

   Result: found /opt/homebrew/bin/gfortran
Note: Adding -frecursive to FFLAGS for thread safety.
Checking for boost/version.hpp ... 
   Result: found in /opt/homebrew/include
Checking for boost version >= 1.37.0 ... 
===================================
Trying to compile test program
   Status: compilation successful.
Running executable: ./conftest.x
The executable returned exit code: 0
The executable produced output:
1.90.0
===================================

   Result: ok (version 1.90.0)
   Required boost version: 1.37.0
   Boost version found: 1.90.0
Checking for boost/test/unit_test.hpp ... 
   Result: found in /opt/homebrew/include
Checking for libboost_unit_test_framework libboost_unit_test_framework-mt ... 
   Result: found in /opt/homebrew/lib
Checking for Eigen/Core ... 
   Result: found in /opt/homebrew/include/eigen3
Checking for eigen version ... 
===================================
Trying to compile test program
   Status: compilation successful.
Running executable: ./conftest.x
The executable returned exit code: 0
The executable produced output:
3.5.0
===================================

   Result: ok (version 3.5.0)
   Eigen version found: 3.5.0
Checking for libgfortran ... 
   Result: found in /opt/homebrew/Cellar/gcc/15.2.0_1/bin/../lib/gcc/current/gcc/aarch64-apple-darwin25/15/../../../
Checking for GSL configuration /opt/homebrew/bin/gsl-config ... (command -v -- /opt/homebrew/bin/gsl-config gave: /opt/homebrew/bin/gsl-config)

   Result: found /opt/homebrew/bin/gsl-config (version 2.8)
Checking for gm2calc/gm2_version.h ... 
   Result: not found in 
Checking for himalaya/version.hpp ... 
   Result: not found in 
Checking for Higgs/Predictions.hpp ... 
   Result: not found in 
Checking for C++ python embedding ... 
   Result: found /Users/p.zhu/.pyenv/versions/3.13.13/bin/python3-config
Note: COLLIER is thread-unsafe since there the renormalization
      scale is set via a global variable. This might
      lead to a race condition if different RGE solvers run in
      multiple threads. For such an application, consider usage of
      fflite. For now, multi-threading is disabled.
Checking for collier.mod ... 
   Result: found in /Users/p.zhu/Jarvis-Workshop/Jarvis-Examples/HinoLLP/deps/program/COLLIER/current/modules
Checking for libcollier ... 
   Result: found in /Users/p.zhu/Jarvis-Workshop/Jarvis-Examples/HinoLLP/deps/program/COLLIER/current
Checking for boost/numeric/odeint.hpp ... 
   Result: found in /opt/homebrew/include
Checking for boost/numeric/odeint/algebra/algebra_dispatcher.hpp ... 
   Result: found in /opt/homebrew/include
Checking for boost/numeric/odeint/algebra/vector_space_algebra.hpp ... 
   Result: found in /opt/homebrew/include
Checking for boost/numeric/odeint/external/eigen/eigen_algebra_dispatcher.hpp ... 
   Result: found in /opt/homebrew/include
Checking for boost/numeric/odeint/external/eigen/eigen_resize.hpp ... 
   Result: found in /opt/homebrew/include
Checking for boost/numeric/odeint/integrate/integrate_adaptive.hpp ... 
   Result: found in /opt/homebrew/include
Checking for boost/numeric/odeint/stepper/generation.hpp ... 
   Result: found in /opt/homebrew/include
Checking for boost/numeric/odeint/stepper/runge_kutta_fehlberg78.hpp ... 
   Result: found in /opt/homebrew/include
Enabling usage of odeint: #define ENABLE_ODEINT 1
Checking for sqlite3.h ... 
   Result: not found in  ::/usr/include:/usr/local/include
Warning: sqlite.h not found in  ::/usr/include:/usr/local/include.
   Support for SQLite will be is disabled.
Checking for tsil.h ... 
   Result: not found in  ::/usr/include:/usr/local/include
Checking for build static library command ar cru ... (command -v -- ar gave: /usr/bin/ar)

   Result: found /usr/bin/ar
Checking for build shared library command g++ -shared -o ... (command -v -- g++ gave: /usr/bin/g++)

   Result: found /usr/bin/g++
Checking for random number generator ... 
===================================
Trying to compile test program with
   Header: #include <random>
   Statement: std::minstd_rand generator; std::uniform_real_distribution<double> distribution(0., 1.);

Trying to compile test program
   Status: compilation successful.
Running executable: ./conftest.x
The executable returned exit code: 0
The executable produced no output.
===================================

   Result: ok
Enabling random number generator: #define ENABLE_RANDOM 1
Checking for libpthread ... 
   Result: found in /Applications/Xcode.app/Contents/Developer/Platforms/MacOSX.platform/Developer/SDKs/MacOSX.sdk/usr/lib
Disabling colored output
   #undef ENABLE_COLORS
Disabling debug mode
   #undef ENABLE_DEBUG
Disabling eigenvalue error check
   #undef CHECK_EIGENVALUE_ERROR
Disabling usage of fflite
   #undef ENABLE_FFLITE
Disabling GM2Calc
   #undef ENABLE_GM2CALC
Disabling Himalaya
   #undef ENABLE_HIMALAYA
Disabling HiggsTools
   #undef ENABLE_HIGGSTOOLS
Disabling Lilith
   #undef ENABLE_LILITH
Disabling LibraryLink
   #undef ENABLE_LIBRARYLINK
Disabling usage of LoopTools
   #undef ENABLE_LOOPTOOLS
   #undef ENABLE_LOOPTOOLS
Enabling usage of COLLIER
   #define ENABLE_COLLIER 1
   #define ENABLE_COLLIER 1
Disabling silent mode
   #undef ENABLE_SILENT
Disabling sqlite
   #undef ENABLE_SQLITE
Disabling multi-threading
   #undef ENABLE_THREADS
Disabling TSIL
   #undef ENABLE_TSIL
   #define ENABLE_TWO_SCALE_SOLVER 1
   #define ENABLE_SEMI_ANALYTIC_SOLVER 1
   #define ENABLE_SHOOTING_SOLVER 1
Executing clean-up actions:
rm -f "./check_math_info.m"
rm -f "./conftest.x" "./conftest.cpp" "./conftest.log"
