
·•· Library.FlexibleSUSY-lowMSSM 
	- 07-10 23:16:22.655 - [WARNING] >>> 
Initializating Library -> FlexibleSUSY-lowMSSM 
·•· Library.FlexibleSUSY-lowMSSM 
	- 07-10 23:16:22.656 - [INFO] >>> 
No existing installation found for FlexibleSUSY-lowMSSM. 
·•· Library.FlexibleSUSY-lowMSSM 
	- 07-10 23:16:22.670 - [INFO] >>> 
 Run command -> 
	sh /Users/p.zhu/Jarvis-Workshop/Jarvis-Examples/HinoLLP/deps/program/FlexibleSUSY/jarvis_build_lowMSSM_once.sh /Users/p.zhu/Jarvis-Workshop/Jarvis-Examples/HinoLLP/deps/program/FlexibleSUSY /Users/p.zhu/Jarvis-Workshop/Jarvis-Examples/HinoLLP/deps/library/FlexibleSUSY-lowMSSM 4 
 in path -> 
	/Users/p.zhu/Jarvis-Workshop/Jarvis-Examples/HinoLLP/deps/library 
 Screen output -> 
 FlexibleSUSY lowMSSM already built -> /Users/p.zhu/Jarvis-Workshop/Jarvis-Examples/HinoLLP/deps/library/FlexibleSUSY-lowMSSM/models/lowMSSM/run_lowMSSM.x

·•· Library.FlexibleSUSY-lowMSSM 
	- 07-10 23:16:22.688 - [INFO] >>> 
Configuration for FlexibleSUSY-lowMSSM has been written to /Users/p.zhu/Jarvis-Workshop/Jarvis-Examples/HinoLLP/deps/library/FlexibleSUSY-lowMSSM_config.yaml 
·•· Library.FlexibleSUSY-lowMSSM 
	- 07-10 23:17:36.017 - [WARNING] >>> 
Initializating Library -> FlexibleSUSY-lowMSSM 
·•· Library.FlexibleSUSY-lowMSSM 
	- 07-10 23:17:36.018 - [INFO] >>> 
FlexibleSUSY-lowMSSM has found and correctly installed. 
·•· Library.FlexibleSUSY-lowMSSM 
	- 07-10 23:17:36.018 - [INFO] >>> 
FlexibleSUSY-lowMSSM is already installed with matching configuration. 
·•· Library.FlexibleSUSY-lowMSSM 
	- 07-10 23:17:36.032 - [WARNING] >>> 
Configuration for FlexibleSUSY-lowMSSM has not changed.  
·•· Library.FlexibleSUSY-lowMSSM 
	- 07-10 23:17:40.481 - [WARNING] >>> 
Skipping installation of FlexibleSUSY-lowMSSM. 
·•· Library.FlexibleSUSY-lowMSSM 
	- 07-10 23:17:40.482 - [INFO] >>> 
Configuration for FlexibleSUSY-lowMSSM has been written to /Users/p.zhu/Jarvis-Workshop/Jarvis-Examples/HinoLLP/deps/library/FlexibleSUSY-lowMSSM_config.yaml 
·•· Library.FlexibleSUSY-lowMSSM 
	- 07-11 15:24:25.374 - [WARNING] >>> 
Initializating Library -> FlexibleSUSY-lowMSSM 
·•· Library.FlexibleSUSY-lowMSSM 
	- 07-11 15:24:25.376 - [INFO] >>> 
FlexibleSUSY-lowMSSM has found and correctly installed. 
·•· Library.FlexibleSUSY-lowMSSM 
	- 07-11 15:24:25.377 - [INFO] >>> 
FlexibleSUSY-lowMSSM is already installed with matching configuration. 
·•· Library.FlexibleSUSY-lowMSSM 
	- 07-11 15:24:25.394 - [WARNING] >>> 
Configuration for FlexibleSUSY-lowMSSM has not changed.  
·•· Library.FlexibleSUSY-lowMSSM 
	- 07-11 15:24:40.456 - [WARNING] >>> 
Initializating Library -> FlexibleSUSY-lowMSSM 
·•· Library.FlexibleSUSY-lowMSSM 
	- 07-11 15:24:40.458 - [INFO] >>> 
FlexibleSUSY-lowMSSM has found and correctly installed. 
·•· Library.FlexibleSUSY-lowMSSM 
	- 07-11 15:24:40.459 - [INFO] >>> 
FlexibleSUSY-lowMSSM is already installed with matching configuration. 
·•· Library.FlexibleSUSY-lowMSSM 
	- 07-11 15:24:40.475 - [WARNING] >>> 
Configuration for FlexibleSUSY-lowMSSM has not changed.  
·•· Library.FlexibleSUSY-lowMSSM 
	- 07-11 15:24:47.085 - [WARNING] >>> 
Skipping installation of FlexibleSUSY-lowMSSM. 
·•· Library.FlexibleSUSY-lowMSSM 
	- 07-11 15:24:47.087 - [INFO] >>> 
Configuration for FlexibleSUSY-lowMSSM has been written to /Users/p.zhu/Jarvis-Workshop/Jarvis-Examples/HinoLLP/deps/library/FlexibleSUSY-lowMSSM_config.yaml 
·•· Library.FlexibleSUSY-lowMSSM 
	- 07-11 15:26:05.298 - [WARNING] >>> 
Initializating Library -> FlexibleSUSY-lowMSSM 
·•· Library.FlexibleSUSY-lowMSSM 
	- 07-11 15:26:05.300 - [INFO] >>> 
FlexibleSUSY-lowMSSM has found and correctly installed. 
·•· Library.FlexibleSUSY-lowMSSM 
	- 07-11 15:26:05.300 - [INFO] >>> 
FlexibleSUSY-lowMSSM is already installed with matching configuration. 
·•· Library.FlexibleSUSY-lowMSSM 
	- 07-11 15:26:05.315 - [WARNING] >>> 
Configuration for FlexibleSUSY-lowMSSM has not changed.  
·•· Library.FlexibleSUSY-lowMSSM 
	- 07-11 15:26:11.630 - [WARNING] >>> 
Skipping installation of FlexibleSUSY-lowMSSM. 
·•· Library.FlexibleSUSY-lowMSSM 
	- 07-11 15:26:11.632 - [INFO] >>> 
Configuration for FlexibleSUSY-lowMSSM has been written to /Users/p.zhu/Jarvis-Workshop/Jarvis-Examples/HinoLLP/deps/library/FlexibleSUSY-lowMSSM_config.yaml 
·•· Library.FlexibleSUSY-lowMSSM 
	- 07-11 15:27:57.142 - [WARNING] >>> 
Initializating Library -> FlexibleSUSY-lowMSSM 
·•· Library.FlexibleSUSY-lowMSSM 
	- 07-11 15:27:57.143 - [INFO] >>> 
FlexibleSUSY-lowMSSM has found and correctly installed. 
·•· Library.FlexibleSUSY-lowMSSM 
	- 07-11 15:27:57.143 - [INFO] >>> 
FlexibleSUSY-lowMSSM is already installed with matching configuration. 
·•· Library.FlexibleSUSY-lowMSSM 
	- 07-11 15:27:57.157 - [WARNING] >>> 
Configuration for FlexibleSUSY-lowMSSM has not changed.  
·•· Library.FlexibleSUSY-lowMSSM 
	- 07-11 15:28:00.899 - [WARNING] >>> 
Skipping installation of FlexibleSUSY-lowMSSM. 
·•· Library.FlexibleSUSY-lowMSSM 
	- 07-11 15:28:00.900 - [INFO] >>> 
Configuration for FlexibleSUSY-lowMSSM has been written to /Users/p.zhu/Jarvis-Workshop/Jarvis-Examples/HinoLLP/deps/library/FlexibleSUSY-lowMSSM_config.yaml 
·•· Library.FlexibleSUSY-lowMSSM 
	- 07-11 15:33:45.578 - [WARNING] >>> 
Initializating Library -> FlexibleSUSY-lowMSSM 
·•· Library.FlexibleSUSY-lowMSSM 
	- 07-11 15:33:45.579 - [INFO] >>> 
FlexibleSUSY-lowMSSM has found and correctly installed. 
·•· Library.FlexibleSUSY-lowMSSM 
	- 07-11 15:33:45.579 - [INFO] >>> 
FlexibleSUSY-lowMSSM is already installed with matching configuration. 
·•· Library.FlexibleSUSY-lowMSSM 
	- 07-11 15:33:45.593 - [WARNING] >>> 
Configuration for FlexibleSUSY-lowMSSM has not changed.  
·•· Library.FlexibleSUSY-lowMSSM 
	- 07-11 15:34:01.287 - [WARNING] >>> 
Skipping installation of FlexibleSUSY-lowMSSM. 
·•· Library.FlexibleSUSY-lowMSSM 
	- 07-11 15:34:01.290 - [INFO] >>> 
Configuration for FlexibleSUSY-lowMSSM has been written to /Users/p.zhu/Jarvis-Workshop/Jarvis-Examples/HinoLLP/deps/library/FlexibleSUSY-lowMSSM_config.yaml 
·•· Library.FlexibleSUSY-lowMSSM 
	- 07-11 15:35:09.629 - [WARNING] >>> 
Initializating Library -> FlexibleSUSY-lowMSSM 
·•· Library.FlexibleSUSY-lowMSSM 
	- 07-11 15:35:09.630 - [INFO] >>> 
FlexibleSUSY-lowMSSM has found and correctly installed. 
·•· Library.FlexibleSUSY-lowMSSM 
	- 07-11 15:35:09.630 - [INFO] >>> 
FlexibleSUSY-lowMSSM is already installed with matching configuration. 
·•· Library.FlexibleSUSY-lowMSSM 
	- 07-11 15:35:09.646 - [WARNING] >>> 
Configuration for FlexibleSUSY-lowMSSM has not changed.  
·•· Library.FlexibleSUSY-lowMSSM 
	- 07-11 15:35:12.472 - [WARNING] >>> 
Skipping installation of FlexibleSUSY-lowMSSM. 
·•· Library.FlexibleSUSY-lowMSSM 
	- 07-11 15:35:12.474 - [INFO] >>> 
Configuration for FlexibleSUSY-lowMSSM has been written to /Users/p.zhu/Jarvis-Workshop/Jarvis-Examples/HinoLLP/deps/library/FlexibleSUSY-lowMSSM_config.yaml 
·•· Library.FlexibleSUSY-lowMSSM 
	- 07-11 15:48:59.990 - [WARNING] >>> 
Initializating Library -> FlexibleSUSY-lowMSSM 
·•· Library.FlexibleSUSY-lowMSSM 
	- 07-11 15:48:59.990 - [INFO] >>> 
FlexibleSUSY-lowMSSM has found and correctly installed. 
·•· Library.FlexibleSUSY-lowMSSM 
	- 07-11 15:48:59.991 - [INFO] >>> 
FlexibleSUSY-lowMSSM is already installed with matching configuration. 
·•· Library.FlexibleSUSY-lowMSSM 
	- 07-11 15:49:00.006 - [WARNING] >>> 
Configuration for FlexibleSUSY-lowMSSM has not changed.  
·•· Library.FlexibleSUSY-lowMSSM 
	- 07-11 15:49:00.834 - [WARNING] >>> 
Skipping installation of FlexibleSUSY-lowMSSM. 
·•· Library.FlexibleSUSY-lowMSSM 
	- 07-11 15:49:00.835 - [INFO] >>> 
Configuration for FlexibleSUSY-lowMSSM has been written to /Users/p.zhu/Jarvis-Workshop/Jarvis-Examples/HinoLLP/deps/library/FlexibleSUSY-lowMSSM_config.yaml 
·•· Library.FlexibleSUSY-lowMSSM 
	- 07-11 15:51:13.091 - [WARNING] >>> 
Initializating Library -> FlexibleSUSY-lowMSSM 
·•· Library.FlexibleSUSY-lowMSSM 
	- 07-11 15:51:13.092 - [INFO] >>> 
FlexibleSUSY-lowMSSM has found and correctly installed. 
·•· Library.FlexibleSUSY-lowMSSM 
	- 07-11 15:51:13.092 - [INFO] >>> 
Configuration for FlexibleSUSY-lowMSSM has changed. 
·•· Library.FlexibleSUSY-lowMSSM 
	- 07-11 15:51:13.106 - [INFO] >>> 
 Run command -> 
	{'cmd': 'sh /Users/p.zhu/Jarvis-Workshop/Jarvis-Examples/HinoLLP/deps/program/FlexibleSUSY/jarvis_build_lowMSSM_once.sh /Users/p.zhu/Jarvis-Workshop/Jarvis-Examples/HinoLLP/deps/program/FlexibleSUSY /Users/p.zhu/Jarvis-Workshop/Jarvis-Examples/HinoLLP/deps/library/FlexibleSUSY-lowMSSM 4', 'cwd': '/Users/p.zhu/Jarvis-Workshop/Jarvis-Examples/HinoLLP/deps/library'} 
 in path -> 
	/Users/p.zhu/Jarvis-Workshop/Jarvis-Examples/HinoLLP/deps/library 
 Screen output -> 
 /bin/sh: {cmd:: command not found

·•· Library.FlexibleSUSY-lowMSSM 
	- 07-11 15:51:44.667 - [WARNING] >>> 
Initializating Library -> FlexibleSUSY-lowMSSM 
·•· Library.FlexibleSUSY-lowMSSM 
	- 07-11 15:51:44.668 - [INFO] >>> 
FlexibleSUSY-lowMSSM has found and correctly installed. 
·•· Library.FlexibleSUSY-lowMSSM 
	- 07-11 15:51:44.668 - [INFO] >>> 
FlexibleSUSY-lowMSSM is already installed with matching configuration. 
·•· Library.FlexibleSUSY-lowMSSM 
	- 07-11 15:51:44.682 - [WARNING] >>> 
Configuration for FlexibleSUSY-lowMSSM has not changed.  
·•· Library.FlexibleSUSY-lowMSSM 
	- 07-11 15:51:45.512 - [WARNING] >>> 
Skipping installation of FlexibleSUSY-lowMSSM. 
·•· Library.FlexibleSUSY-lowMSSM 
	- 07-11 15:51:45.513 - [INFO] >>> 
Configuration for FlexibleSUSY-lowMSSM has been written to /Users/p.zhu/Jarvis-Workshop/Jarvis-Examples/HinoLLP/deps/library/FlexibleSUSY-lowMSSM_config.yaml 
·•· Library.FlexibleSUSY-lowMSSM 
	- 07-11 15:56:58.056 - [WARNING] >>> 
Initializating Library -> FlexibleSUSY-lowMSSM 
·•· Library.FlexibleSUSY-lowMSSM 
	- 07-11 15:56:58.057 - [INFO] >>> 
FlexibleSUSY-lowMSSM has found and correctly installed. 
·•· Library.FlexibleSUSY-lowMSSM 
	- 07-11 15:56:58.057 - [INFO] >>> 
FlexibleSUSY-lowMSSM is already installed with matching configuration. 
·•· Library.FlexibleSUSY-lowMSSM 
	- 07-11 15:56:58.073 - [WARNING] >>> 
Configuration for FlexibleSUSY-lowMSSM has not changed.  
·•· Library.FlexibleSUSY-lowMSSM 
	- 07-11 15:56:59.807 - [WARNING] >>> 
Skipping installation of FlexibleSUSY-lowMSSM. 
·•· Library.FlexibleSUSY-lowMSSM 
	- 07-11 15:56:59.809 - [INFO] >>> 
Configuration for FlexibleSUSY-lowMSSM has been written to /Users/p.zhu/Jarvis-Workshop/Jarvis-Examples/HinoLLP/deps/library/FlexibleSUSY-lowMSSM_config.yaml 
·•· Library.FlexibleSUSY-lowMSSM 
	- 07-11 16:05:54.673 - [WARNING] >>> 
Initializating Library -> FlexibleSUSY-lowMSSM 
·•· Library.FlexibleSUSY-lowMSSM 
	- 07-11 16:05:54.674 - [INFO] >>> 
FlexibleSUSY-lowMSSM has found and correctly installed. 
·•· Library.FlexibleSUSY-lowMSSM 
	- 07-11 16:05:54.674 - [INFO] >>> 
FlexibleSUSY-lowMSSM is already installed with matching configuration. 
·•· Library.FlexibleSUSY-lowMSSM 
	- 07-11 16:05:54.689 - [WARNING] >>> 
Configuration for FlexibleSUSY-lowMSSM has not changed.  
·•· Library.FlexibleSUSY-lowMSSM 
	- 07-11 16:05:56.992 - [WARNING] >>> 
Skipping installation of FlexibleSUSY-lowMSSM. 
·•· Library.FlexibleSUSY-lowMSSM 
	- 07-11 16:05:56.993 - [INFO] >>> 
Configuration for FlexibleSUSY-lowMSSM has been written to /Users/p.zhu/Jarvis-Workshop/Jarvis-Examples/HinoLLP/deps/library/FlexibleSUSY-lowMSSM_config.yaml 
·•· Library.FlexibleSUSY-lowMSSM 
	- 07-11 16:08:39.335 - [WARNING] >>> 
Initializating Library -> FlexibleSUSY-lowMSSM 
·•· Library.FlexibleSUSY-lowMSSM 
	- 07-11 16:08:39.336 - [INFO] >>> 
FlexibleSUSY-lowMSSM has found and correctly installed. 
·•· Library.FlexibleSUSY-lowMSSM 
	- 07-11 16:08:39.336 - [INFO] >>> 
FlexibleSUSY-lowMSSM is already installed with matching configuration. 
·•· Library.FlexibleSUSY-lowMSSM 
	- 07-11 16:08:39.352 - [WARNING] >>> 
Configuration for FlexibleSUSY-lowMSSM has not changed.  
·•· Library.FlexibleSUSY-lowMSSM 
	- 07-11 16:08:40.342 - [WARNING] >>> 
Skipping installation of FlexibleSUSY-lowMSSM. 
·•· Library.FlexibleSUSY-lowMSSM 
	- 07-11 16:08:40.344 - [INFO] >>> 
Configuration for FlexibleSUSY-lowMSSM has been written to /Users/p.zhu/Jarvis-Workshop/Jarvis-Examples/HinoLLP/deps/library/FlexibleSUSY-lowMSSM_config.yaml 
·•· Library.FlexibleSUSY-lowMSSM 
	- 07-11 16:13:03.139 - [WARNING] >>> 
Initializating Library -> FlexibleSUSY-lowMSSM 
·•· Library.FlexibleSUSY-lowMSSM 
	- 07-11 16:13:03.140 - [INFO] >>> 
FlexibleSUSY-lowMSSM has found and correctly installed. 
·•· Library.FlexibleSUSY-lowMSSM 
	- 07-11 16:13:03.140 - [INFO] >>> 
FlexibleSUSY-lowMSSM is already installed with matching configuration. 
·•· Library.FlexibleSUSY-lowMSSM 
	- 07-11 16:13:03.158 - [WARNING] >>> 
Configuration for FlexibleSUSY-lowMSSM has not changed.  
·•· Library.FlexibleSUSY-lowMSSM 
	- 07-11 16:13:09.095 - [WARNING] >>> 
Skipping installation of FlexibleSUSY-lowMSSM. 
·•· Library.FlexibleSUSY-lowMSSM 
	- 07-11 16:13:09.096 - [INFO] >>> 
Configuration for FlexibleSUSY-lowMSSM has been written to /Users/p.zhu/Jarvis-Workshop/Jarvis-Examples/HinoLLP/deps/library/FlexibleSUSY-lowMSSM_config.yaml 
·•· Library.FlexibleSUSY-lowMSSM 
	- 07-11 16:28:02.989 - [WARNING] >>> 
Initializating Library -> FlexibleSUSY-lowMSSM 
·•· Library.FlexibleSUSY-lowMSSM 
	- 07-11 16:28:02.990 - [INFO] >>> 
FlexibleSUSY-lowMSSM has found and correctly installed. 
·•· Library.FlexibleSUSY-lowMSSM 
	- 07-11 16:28:02.990 - [INFO] >>> 
FlexibleSUSY-lowMSSM is already installed with matching configuration. 
·•· Library.FlexibleSUSY-lowMSSM 
	- 07-11 16:28:03.006 - [WARNING] >>> 
Configuration for FlexibleSUSY-lowMSSM has not changed.  
·•· Library.FlexibleSUSY-lowMSSM 
	- 07-11 16:28:03.722 - [WARNING] >>> 
Skipping installation of FlexibleSUSY-lowMSSM. 
·•· Library.FlexibleSUSY-lowMSSM 
	- 07-11 16:28:03.723 - [INFO] >>> 
Configuration for FlexibleSUSY-lowMSSM has been written to /Users/p.zhu/Jarvis-Workshop/Jarvis-Examples/HinoLLP/deps/library/FlexibleSUSY-lowMSSM_config.yaml 
·•· Library.FlexibleSUSY-lowMSSM 
	- 07-11 16:31:40.923 - [WARNING] >>> 
Initializating Library -> FlexibleSUSY-lowMSSM 
·•· Library.FlexibleSUSY-lowMSSM 
	- 07-11 16:31:40.925 - [INFO] >>> 
FlexibleSUSY-lowMSSM has found and correctly installed. 
·•· Library.FlexibleSUSY-lowMSSM 
	- 07-11 16:31:40.925 - [INFO] >>> 
FlexibleSUSY-lowMSSM is already installed with matching configuration. 
·•· Library.FlexibleSUSY-lowMSSM 
	- 07-11 16:31:40.942 - [WARNING] >>> 
Configuration for FlexibleSUSY-lowMSSM has not changed.  
·•· Library.FlexibleSUSY-lowMSSM 
	- 07-11 16:31:41.609 - [WARNING] >>> 
Skipping installation of FlexibleSUSY-lowMSSM. 
·•· Library.FlexibleSUSY-lowMSSM 
	- 07-11 16:31:41.611 - [INFO] >>> 
Configuration for FlexibleSUSY-lowMSSM has been written to /Users/p.zhu/Jarvis-Workshop/Jarvis-Examples/HinoLLP/deps/library/FlexibleSUSY-lowMSSM_config.yaml 
·•· Library.FlexibleSUSY-lowMSSM 
	- 07-11 16:35:15.395 - [WARNING] >>> 
Initializating Library -> FlexibleSUSY-lowMSSM 
·•· Library.FlexibleSUSY-lowMSSM 
	- 07-11 16:35:15.396 - [INFO] >>> 
FlexibleSUSY-lowMSSM has found and correctly installed. 
·•· Library.FlexibleSUSY-lowMSSM 
	- 07-11 16:35:15.396 - [INFO] >>> 
FlexibleSUSY-lowMSSM is already installed with matching configuration. 
·•· Library.FlexibleSUSY-lowMSSM 
	- 07-11 16:35:15.411 - [WARNING] >>> 
Configuration for FlexibleSUSY-lowMSSM has not changed.  
·•· Library.FlexibleSUSY-lowMSSM 
	- 07-11 16:35:16.892 - [WARNING] >>> 
Skipping installation of FlexibleSUSY-lowMSSM. 
·•· Library.FlexibleSUSY-lowMSSM 
	- 07-11 16:35:16.893 - [INFO] >>> 
Configuration for FlexibleSUSY-lowMSSM has been written to /Users/p.zhu/Jarvis-Workshop/Jarvis-Examples/HinoLLP/deps/library/FlexibleSUSY-lowMSSM_config.yaml 
·•· Library.FlexibleSUSY-lowMSSM 
	- 07-11 16:46:45.528 - [WARNING] >>> 
Initializating Library -> FlexibleSUSY-lowMSSM 
·•· Library.FlexibleSUSY-lowMSSM 
	- 07-11 16:46:45.529 - [INFO] >>> 
FlexibleSUSY-lowMSSM has found and correctly installed. 
·•· Library.FlexibleSUSY-lowMSSM 
	- 07-11 16:46:45.529 - [INFO] >>> 
FlexibleSUSY-lowMSSM is already installed with matching configuration. 
·•· Library.FlexibleSUSY-lowMSSM 
	- 07-11 16:46:45.545 - [WARNING] >>> 
Configuration for FlexibleSUSY-lowMSSM has not changed.  
·•· Library.FlexibleSUSY-lowMSSM 
	- 07-11 16:46:46.338 - [WARNING] >>> 
Skipping installation of FlexibleSUSY-lowMSSM. 
·•· Library.FlexibleSUSY-lowMSSM 
	- 07-11 16:46:46.341 - [INFO] >>> 
Configuration for FlexibleSUSY-lowMSSM has been written to /Users/p.zhu/Jarvis-Workshop/Jarvis-Examples/HinoLLP/deps/library/FlexibleSUSY-lowMSSM_config.yaml 
·•· Library.FlexibleSUSY-lowMSSM 
	- 07-11 17:00:30.602 - [WARNING] >>> 
Initializating Library -> FlexibleSUSY-lowMSSM 
·•· Library.FlexibleSUSY-lowMSSM 
	- 07-11 17:00:30.603 - [INFO] >>> 
FlexibleSUSY-lowMSSM has found and correctly installed. 
·•· Library.FlexibleSUSY-lowMSSM 
	- 07-11 17:00:30.603 - [INFO] >>> 
FlexibleSUSY-lowMSSM is already installed with matching configuration. 
·•· Library.FlexibleSUSY-lowMSSM 
	- 07-11 17:00:30.619 - [WARNING] >>> 
Configuration for FlexibleSUSY-lowMSSM has not changed.  
·•· Library.FlexibleSUSY-lowMSSM 
	- 07-11 17:00:31.482 - [WARNING] >>> 
Skipping installation of FlexibleSUSY-lowMSSM. 
·•· Library.FlexibleSUSY-lowMSSM 
	- 07-11 17:00:31.483 - [INFO] >>> 
Configuration for FlexibleSUSY-lowMSSM has been written to /Users/p.zhu/Jarvis-Workshop/Jarvis-Examples/HinoLLP/deps/library/FlexibleSUSY-lowMSSM_config.yaml 
·•· Library.FlexibleSUSY-lowMSSM 
	- 07-11 17:02:49.971 - [WARNING] >>> 
Initializating Library -> FlexibleSUSY-lowMSSM 
·•· Library.FlexibleSUSY-lowMSSM 
	- 07-11 17:02:49.972 - [INFO] >>> 
FlexibleSUSY-lowMSSM has found and correctly installed. 
·•· Library.FlexibleSUSY-lowMSSM 
	- 07-11 17:02:49.972 - [INFO] >>> 
FlexibleSUSY-lowMSSM is already installed with matching configuration. 
·•· Library.FlexibleSUSY-lowMSSM 
	- 07-11 17:02:49.988 - [WARNING] >>> 
Configuration for FlexibleSUSY-lowMSSM has not changed.  
·•· Library.FlexibleSUSY-lowMSSM 
	- 07-11 17:02:50.928 - [WARNING] >>> 
Skipping installation of FlexibleSUSY-lowMSSM. 
·•· Library.FlexibleSUSY-lowMSSM 
	- 07-11 17:02:50.929 - [INFO] >>> 
Configuration for FlexibleSUSY-lowMSSM has been written to /Users/p.zhu/Jarvis-Workshop/Jarvis-Examples/HinoLLP/deps/library/FlexibleSUSY-lowMSSM_config.yaml 
·•· Library.FlexibleSUSY-lowMSSM 
	- 07-11 17:06:03.352 - [WARNING] >>> 
Initializating Library -> FlexibleSUSY-lowMSSM 
·•· Library.FlexibleSUSY-lowMSSM 
	- 07-11 17:06:03.353 - [INFO] >>> 
FlexibleSUSY-lowMSSM has found and correctly installed. 
·•· Library.FlexibleSUSY-lowMSSM 
	- 07-11 17:06:03.353 - [INFO] >>> 
Configuration for FlexibleSUSY-lowMSSM has changed. 
·•· Library.FlexibleSUSY-lowMSSM 
	- 07-11 17:06:03.368 - [INFO] >>> 
 Run command -> 
	{'cmd': 'sh /Users/p.zhu/Jarvis-Workshop/Jarvis-Examples/HinoLLP/deps/program/FlexibleSUSY/jarvis_build_lowMSSM_once.sh /Users/p.zhu/Jarvis-Workshop/Jarvis-Examples/HinoLLP/deps/program/FlexibleSUSY /Users/p.zhu/Jarvis-Workshop/Jarvis-Examples/HinoLLP/deps/library/FlexibleSUSY-lowMSSM 4', 'cwd': '/Users/p.zhu/Jarvis-Workshop/Jarvis-Examples/HinoLLP/deps/library'} 
 in path -> 
	/Users/p.zhu/Jarvis-Workshop/Jarvis-Examples/HinoLLP/deps/library 
 Screen output -> 
 /bin/sh: {cmd:: command not found

·•· Library.FlexibleSUSY-lowMSSM 
	- 07-11 17:06:15.923 - [WARNING] >>> 
Initializating Library -> FlexibleSUSY-lowMSSM 
·•· Library.FlexibleSUSY-lowMSSM 
	- 07-11 17:06:15.924 - [INFO] >>> 
FlexibleSUSY-lowMSSM has found and correctly installed. 
·•· Library.FlexibleSUSY-lowMSSM 
	- 07-11 17:06:15.924 - [INFO] >>> 
FlexibleSUSY-lowMSSM is already installed with matching configuration. 
·•· Library.FlexibleSUSY-lowMSSM 
	- 07-11 17:06:15.939 - [WARNING] >>> 
Configuration for FlexibleSUSY-lowMSSM has not changed.  
·•· Library.FlexibleSUSY-lowMSSM 
	- 07-11 17:06:16.850 - [WARNING] >>> 
Skipping installation of FlexibleSUSY-lowMSSM. 
·•· Library.FlexibleSUSY-lowMSSM 
	- 07-11 17:06:16.852 - [INFO] >>> 
Configuration for FlexibleSUSY-lowMSSM has been written to /Users/p.zhu/Jarvis-Workshop/Jarvis-Examples/HinoLLP/deps/library/FlexibleSUSY-lowMSSM_config.yaml 
·•· Library.FlexibleSUSY-lowMSSM 
	- 07-11 19:54:25.281 - [WARNING] >>> 
Initializating Library -> FlexibleSUSY-lowMSSM 
·•· Library.FlexibleSUSY-lowMSSM 
	- 07-11 19:54:25.281 - [INFO] >>> 
FlexibleSUSY-lowMSSM has found and correctly installed. 
·•· Library.FlexibleSUSY-lowMSSM 
	- 07-11 19:54:25.281 - [INFO] >>> 
FlexibleSUSY-lowMSSM is already installed with matching configuration. 
·•· Library.FlexibleSUSY-lowMSSM 
	- 07-11 19:54:25.295 - [WARNING] >>> 
Configuration for FlexibleSUSY-lowMSSM has not changed.  
·•· Library.FlexibleSUSY-lowMSSM 
	- 07-11 19:54:26.225 - [WARNING] >>> 
Skipping installation of FlexibleSUSY-lowMSSM. 
·•· Library.FlexibleSUSY-lowMSSM 
	- 07-11 19:54:26.226 - [INFO] >>> 
Configuration for FlexibleSUSY-lowMSSM has been written to /Users/p.zhu/Jarvis-Workshop/Jarvis-Examples/HinoLLP/deps/library/FlexibleSUSY-lowMSSM_config.yaml 
·•· Library.FlexibleSUSY-lowMSSM 
	- 07-11 20:00:52.746 - [WARNING] >>> 
Initializating Library -> FlexibleSUSY-lowMSSM 
·•· Library.FlexibleSUSY-lowMSSM 
	- 07-11 20:00:52.747 - [INFO] >>> 
FlexibleSUSY-lowMSSM has found and correctly installed. 
·•· Library.FlexibleSUSY-lowMSSM 
	- 07-11 20:00:52.747 - [INFO] >>> 
FlexibleSUSY-lowMSSM is already installed with matching configuration. 
·•· Library.FlexibleSUSY-lowMSSM 
	- 07-11 20:00:52.762 - [WARNING] >>> 
Configuration for FlexibleSUSY-lowMSSM has not changed.  
·•· Library.FlexibleSUSY-lowMSSM 
	- 07-11 20:00:53.461 - [WARNING] >>> 
Skipping installation of FlexibleSUSY-lowMSSM. 
·•· Library.FlexibleSUSY-lowMSSM 
	- 07-11 20:00:53.462 - [INFO] >>> 
Configuration for FlexibleSUSY-lowMSSM has been written to /Users/p.zhu/Jarvis-Workshop/Jarvis-Examples/HinoLLP/deps/library/FlexibleSUSY-lowMSSM_config.yaml 
·•· Library.FlexibleSUSY-lowMSSM 
	- 07-11 22:48:52.619 - [WARNING] >>> 
Initializating Library -> FlexibleSUSY-lowMSSM 
·•· Library.FlexibleSUSY-lowMSSM 
	- 07-11 22:48:52.620 - [INFO] >>> 
FlexibleSUSY-lowMSSM has found and correctly installed. 
·•· Library.FlexibleSUSY-lowMSSM 
	- 07-11 22:48:52.620 - [INFO] >>> 
FlexibleSUSY-lowMSSM is already installed with matching configuration. 
·•· Library.FlexibleSUSY-lowMSSM 
	- 07-11 22:48:52.636 - [WARNING] >>> 
Configuration for FlexibleSUSY-lowMSSM has not changed.  
·•· Library.FlexibleSUSY-lowMSSM 
	- 07-11 22:48:53.329 - [WARNING] >>> 
Skipping installation of FlexibleSUSY-lowMSSM. 
·•· Library.FlexibleSUSY-lowMSSM 
	- 07-11 22:48:53.331 - [INFO] >>> 
Configuration for FlexibleSUSY-lowMSSM has been written to /Users/p.zhu/Jarvis-Workshop/Jarvis-Examples/HinoLLP/deps/library/FlexibleSUSY-lowMSSM_config.yaml 
·•· Library.FlexibleSUSY-lowMSSM 
	- 07-11 22:51:39.867 - [WARNING] >>> 
Initializating Library -> FlexibleSUSY-lowMSSM 
·•· Library.FlexibleSUSY-lowMSSM 
	- 07-11 22:51:39.868 - [INFO] >>> 
FlexibleSUSY-lowMSSM has found and correctly installed. 
·•· Library.FlexibleSUSY-lowMSSM 
	- 07-11 22:51:39.868 - [INFO] >>> 
FlexibleSUSY-lowMSSM is already installed with matching configuration. 
·•· Library.FlexibleSUSY-lowMSSM 
	- 07-11 22:51:39.882 - [WARNING] >>> 
Configuration for FlexibleSUSY-lowMSSM has not changed.  
·•· Library.FlexibleSUSY-lowMSSM 
	- 07-11 22:51:40.615 - [WARNING] >>> 
Skipping installation of FlexibleSUSY-lowMSSM. 
·•· Library.FlexibleSUSY-lowMSSM 
	- 07-11 22:51:40.616 - [INFO] >>> 
Configuration for FlexibleSUSY-lowMSSM has been written to /Users/p.zhu/Jarvis-Workshop/Jarvis-Examples/HinoLLP/deps/library/FlexibleSUSY-lowMSSM_config.yaml 
·•· Library.FlexibleSUSY-lowMSSM 
	- 07-11 22:56:19.973 - [WARNING] >>> 
Initializating Library -> FlexibleSUSY-lowMSSM 
·•· Library.FlexibleSUSY-lowMSSM 
	- 07-11 22:56:19.974 - [INFO] >>> 
FlexibleSUSY-lowMSSM has found and correctly installed. 
·•· Library.FlexibleSUSY-lowMSSM 
	- 07-11 22:56:19.974 - [INFO] >>> 
FlexibleSUSY-lowMSSM is already installed with matching configuration. 
·•· Library.FlexibleSUSY-lowMSSM 
	- 07-11 22:56:19.988 - [WARNING] >>> 
Configuration for FlexibleSUSY-lowMSSM has not changed.  
·•· Library.FlexibleSUSY-lowMSSM 
	- 07-11 22:56:20.663 - [WARNING] >>> 
Skipping installation of FlexibleSUSY-lowMSSM. 
·•· Library.FlexibleSUSY-lowMSSM 
	- 07-11 22:56:20.664 - [INFO] >>> 
Configuration for FlexibleSUSY-lowMSSM has been written to /Users/p.zhu/Jarvis-Workshop/Jarvis-Examples/HinoLLP/deps/library/FlexibleSUSY-lowMSSM_config.yaml 
·•· Library.FlexibleSUSY-lowMSSM 
	- 07-11 23:00:12.044 - [WARNING] >>> 
Initializating Library -> FlexibleSUSY-lowMSSM 
·•· Library.FlexibleSUSY-lowMSSM 
	- 07-11 23:00:12.045 - [INFO] >>> 
FlexibleSUSY-lowMSSM has found and correctly installed. 
·•· Library.FlexibleSUSY-lowMSSM 
	- 07-11 23:00:12.045 - [INFO] >>> 
FlexibleSUSY-lowMSSM is already installed with matching configuration. 
·•· Library.FlexibleSUSY-lowMSSM 
	- 07-11 23:00:12.059 - [WARNING] >>> 
Configuration for FlexibleSUSY-lowMSSM has not changed.  
·•· Library.FlexibleSUSY-lowMSSM 
	- 07-11 23:00:12.559 - [WARNING] >>> 
Skipping installation of FlexibleSUSY-lowMSSM. 
·•· Library.FlexibleSUSY-lowMSSM 
	- 07-11 23:00:12.560 - [INFO] >>> 
Configuration for FlexibleSUSY-lowMSSM has been written to /Users/p.zhu/Jarvis-Workshop/Jarvis-Examples/HinoLLP/deps/library/FlexibleSUSY-lowMSSM_config.yaml 
·•· Library.FlexibleSUSY-lowMSSM 
	- 07-11 23:02:49.995 - [WARNING] >>> 
Initializating Library -> FlexibleSUSY-lowMSSM 
·•· Library.FlexibleSUSY-lowMSSM 
	- 07-11 23:02:49.996 - [INFO] >>> 
FlexibleSUSY-lowMSSM has found and correctly installed. 
·•· Library.FlexibleSUSY-lowMSSM 
	- 07-11 23:02:49.996 - [INFO] >>> 
FlexibleSUSY-lowMSSM is already installed with matching configuration. 
·•· Library.FlexibleSUSY-lowMSSM 
	- 07-11 23:02:50.012 - [WARNING] >>> 
Configuration for FlexibleSUSY-lowMSSM has not changed.  
·•· Library.FlexibleSUSY-lowMSSM 
	- 07-11 23:02:51.174 - [WARNING] >>> 
Skipping installation of FlexibleSUSY-lowMSSM. 
·•· Library.FlexibleSUSY-lowMSSM 
	- 07-11 23:02:51.175 - [INFO] >>> 
Configuration for FlexibleSUSY-lowMSSM has been written to /Users/p.zhu/Jarvis-Workshop/Jarvis-Examples/HinoLLP/deps/library/FlexibleSUSY-lowMSSM_config.yaml 
·•· Library.FlexibleSUSY-lowMSSM 
	- 07-11 23:05:20.454 - [WARNING] >>> 
Initializating Library -> FlexibleSUSY-lowMSSM 
·•· Library.FlexibleSUSY-lowMSSM 
	- 07-11 23:05:20.455 - [INFO] >>> 
FlexibleSUSY-lowMSSM has found and correctly installed. 
·•· Library.FlexibleSUSY-lowMSSM 
	- 07-11 23:05:20.455 - [INFO] >>> 
Configuration for FlexibleSUSY-lowMSSM has changed. 
·•· Library.FlexibleSUSY-lowMSSM 
	- 07-11 23:05:20.467 - [INFO] >>> 
 Run command -> 
	{'cmd': 'sh /Users/p.zhu/Jarvis-Workshop/Jarvis-Examples/HinoLLP/deps/program/FlexibleSUSY/jarvis_build_lowMSSM_once.sh /Users/p.zhu/Jarvis-Workshop/Jarvis-Examples/HinoLLP/deps/program/FlexibleSUSY /Users/p.zhu/Jarvis-Workshop/Jarvis-Examples/HinoLLP/deps/library/FlexibleSUSY-lowMSSM 4', 'cwd': '/Users/p.zhu/Jarvis-Workshop/Jarvis-Examples/HinoLLP/deps/library'} 
 in path -> 
	/Users/p.zhu/Jarvis-Workshop/Jarvis-Examples/HinoLLP/deps/library 
 Screen output -> 
 /bin/sh: {cmd:: command not found

·•· Library.FlexibleSUSY-lowMSSM 
	- 07-11 23:05:45.844 - [WARNING] >>> 
Initializating Library -> FlexibleSUSY-lowMSSM 
·•· Library.FlexibleSUSY-lowMSSM 
	- 07-11 23:05:45.844 - [INFO] >>> 
FlexibleSUSY-lowMSSM has found and correctly installed. 
·•· Library.FlexibleSUSY-lowMSSM 
	- 07-11 23:05:45.844 - [INFO] >>> 
FlexibleSUSY-lowMSSM is already installed with matching configuration. 
·•· Library.FlexibleSUSY-lowMSSM 
	- 07-11 23:05:45.858 - [WARNING] >>> 
Configuration for FlexibleSUSY-lowMSSM has not changed.  
·•· Library.FlexibleSUSY-lowMSSM 
	- 07-11 23:05:46.604 - [WARNING] >>> 
Skipping installation of FlexibleSUSY-lowMSSM. 
·•· Library.FlexibleSUSY-lowMSSM 
	- 07-11 23:05:46.605 - [INFO] >>> 
Configuration for FlexibleSUSY-lowMSSM has been written to /Users/p.zhu/Jarvis-Workshop/Jarvis-Examples/HinoLLP/deps/library/FlexibleSUSY-lowMSSM_config.yaml 
·•· Library.FlexibleSUSY-lowMSSM 
	- 07-11 23:11:49.348 - [WARNING] >>> 
Initializating Library -> FlexibleSUSY-lowMSSM 
·•· Library.FlexibleSUSY-lowMSSM 
	- 07-11 23:11:49.349 - [INFO] >>> 
FlexibleSUSY-lowMSSM has found and correctly installed. 
·•· Library.FlexibleSUSY-lowMSSM 
	- 07-11 23:11:49.349 - [INFO] >>> 
FlexibleSUSY-lowMSSM is already installed with matching configuration. 
·•· Library.FlexibleSUSY-lowMSSM 
	- 07-11 23:11:49.365 - [WARNING] >>> 
Configuration for FlexibleSUSY-lowMSSM has not changed.  
·•· Library.FlexibleSUSY-lowMSSM 
	- 07-11 23:11:50.028 - [WARNING] >>> 
Skipping installation of FlexibleSUSY-lowMSSM. 
·•· Library.FlexibleSUSY-lowMSSM 
	- 07-11 23:11:50.029 - [INFO] >>> 
Configuration for FlexibleSUSY-lowMSSM has been written to /Users/p.zhu/Jarvis-Workshop/Jarvis-Examples/HinoLLP/deps/library/FlexibleSUSY-lowMSSM_config.yaml 
·•· Library.FlexibleSUSY-lowMSSM 
	- 07-11 23:12:32.703 - [WARNING] >>> 
Initializating Library -> FlexibleSUSY-lowMSSM 
·•· Library.FlexibleSUSY-lowMSSM 
	- 07-11 23:12:32.704 - [INFO] >>> 
FlexibleSUSY-lowMSSM has found and correctly installed. 
·•· Library.FlexibleSUSY-lowMSSM 
	- 07-11 23:12:32.704 - [INFO] >>> 
FlexibleSUSY-lowMSSM is already installed with matching configuration. 
·•· Library.FlexibleSUSY-lowMSSM 
	- 07-11 23:12:32.719 - [WARNING] >>> 
Configuration for FlexibleSUSY-lowMSSM has not changed.  
·•· Library.FlexibleSUSY-lowMSSM 
	- 07-11 23:12:36.855 - [WARNING] >>> 
Skipping installation of FlexibleSUSY-lowMSSM. 
·•· Library.FlexibleSUSY-lowMSSM 
	- 07-11 23:12:36.856 - [INFO] >>> 
Configuration for FlexibleSUSY-lowMSSM has been written to /Users/p.zhu/Jarvis-Workshop/Jarvis-Examples/HinoLLP/deps/library/FlexibleSUSY-lowMSSM_config.yaml 
·•· Library.FlexibleSUSY-lowMSSM 
	- 07-11 23:52:40.217 - [WARNING] >>> 
Initializating Library -> FlexibleSUSY-lowMSSM 
·•· Library.FlexibleSUSY-lowMSSM 
	- 07-11 23:52:40.219 - [INFO] >>> 
FlexibleSUSY-lowMSSM has found and correctly installed. 
·•· Library.FlexibleSUSY-lowMSSM 
	- 07-11 23:52:40.219 - [INFO] >>> 
FlexibleSUSY-lowMSSM is already installed with matching configuration. 
·•· Library.FlexibleSUSY-lowMSSM 
	- 07-11 23:52:40.235 - [WARNING] >>> 
Configuration for FlexibleSUSY-lowMSSM has not changed.  
·•· Library.FlexibleSUSY-lowMSSM 
	- 07-11 23:52:42.411 - [WARNING] >>> 
Skipping installation of FlexibleSUSY-lowMSSM. 
·•· Library.FlexibleSUSY-lowMSSM 
	- 07-11 23:52:42.412 - [INFO] >>> 
Configuration for FlexibleSUSY-lowMSSM has been written to /Users/p.zhu/Jarvis-Workshop/Jarvis-Examples/HinoLLP/deps/library/FlexibleSUSY-lowMSSM_config.yaml 
·•· Library.FlexibleSUSY-lowMSSM 
	- 07-13 16:04:19.724 - [WARNING] >>> 
Initializating Library -> FlexibleSUSY-lowMSSM 
·•· Library.FlexibleSUSY-lowMSSM 
	- 07-13 16:04:19.725 - [INFO] >>> 
FlexibleSUSY-lowMSSM has found and correctly installed. 
·•· Library.FlexibleSUSY-lowMSSM 
	- 07-13 16:04:19.725 - [INFO] >>> 
FlexibleSUSY-lowMSSM is already installed with matching configuration. 
·•· Library.FlexibleSUSY-lowMSSM 
	- 07-13 16:04:19.744 - [WARNING] >>> 
Configuration for FlexibleSUSY-lowMSSM has not changed.  
·•· Library.FlexibleSUSY-lowMSSM 
	- 07-13 16:04:21.233 - [WARNING] >>> 
Skipping installation of FlexibleSUSY-lowMSSM. 
·•· Library.FlexibleSUSY-lowMSSM 
	- 07-13 16:04:21.235 - [INFO] >>> 
Configuration for FlexibleSUSY-lowMSSM has been written to /Users/p.zhu/Jarvis-Workshop/Jarvis-Examples/HinoLLP/deps/library/FlexibleSUSY-lowMSSM_config.yaml 
·•· Library.FlexibleSUSY-lowMSSM 
	- 07-13 16:12:35.476 - [WARNING] >>> 
Initializating Library -> FlexibleSUSY-lowMSSM 
·•· Library.FlexibleSUSY-lowMSSM 
	- 07-13 16:12:35.477 - [INFO] >>> 
FlexibleSUSY-lowMSSM has found and correctly installed. 
·•· Library.FlexibleSUSY-lowMSSM 
	- 07-13 16:12:35.477 - [INFO] >>> 
FlexibleSUSY-lowMSSM is already installed with matching configuration. 
·•· Library.FlexibleSUSY-lowMSSM 
	- 07-13 16:12:35.494 - [WARNING] >>> 
Configuration for FlexibleSUSY-lowMSSM has not changed.  
·•· Library.FlexibleSUSY-lowMSSM 
	- 07-13 16:14:46.280 - [WARNING] >>> 
Skipping installation of FlexibleSUSY-lowMSSM. 
·•· Library.FlexibleSUSY-lowMSSM 
	- 07-13 16:14:46.283 - [INFO] >>> 
Configuration for FlexibleSUSY-lowMSSM has been written to /Users/p.zhu/Jarvis-Workshop/Jarvis-Examples/HinoLLP/deps/library/FlexibleSUSY-lowMSSM_config.yaml 
·•· Library.FlexibleSUSY-lowMSSM 
	- 07-13 16:19:38.872 - [WARNING] >>> 
Initializating Library -> FlexibleSUSY-lowMSSM 
·•· Library.FlexibleSUSY-lowMSSM 
	- 07-13 16:19:38.873 - [INFO] >>> 
FlexibleSUSY-lowMSSM has found and correctly installed. 
·•· Library.FlexibleSUSY-lowMSSM 
	- 07-13 16:19:38.873 - [INFO] >>> 
FlexibleSUSY-lowMSSM is already installed with matching configuration. 
·•· Library.FlexibleSUSY-lowMSSM 
	- 07-13 16:19:38.889 - [WARNING] >>> 
Skipping the installation of library -> FlexibleSUSY-lowMSSM 
·•· Library.FlexibleSUSY-lowMSSM 
	- 07-13 16:23:06.852 - [WARNING] >>> 
Initializating Library -> FlexibleSUSY-lowMSSM 
·•· Library.FlexibleSUSY-lowMSSM 
	- 07-13 16:23:06.853 - [INFO] >>> 
FlexibleSUSY-lowMSSM has found and correctly installed. 
·•· Library.FlexibleSUSY-lowMSSM 
	- 07-13 16:23:06.853 - [INFO] >>> 
FlexibleSUSY-lowMSSM is already installed with matching configuration. 
·•· Library.FlexibleSUSY-lowMSSM 
	- 07-13 16:23:06.871 - [WARNING] >>> 
Skipping the installation of library -> FlexibleSUSY-lowMSSM 
·•· Library.FlexibleSUSY-lowMSSM 
	- 07-13 16:24:18.566 - [WARNING] >>> 
Initializating Library -> FlexibleSUSY-lowMSSM 
·•· Library.FlexibleSUSY-lowMSSM 
	- 07-13 16:24:18.567 - [INFO] >>> 
FlexibleSUSY-lowMSSM has found and correctly installed. 
·•· Library.FlexibleSUSY-lowMSSM 
	- 07-13 16:24:18.567 - [INFO] >>> 
FlexibleSUSY-lowMSSM is already installed with matching configuration. 
·•· Library.FlexibleSUSY-lowMSSM 
	- 07-13 16:24:18.582 - [WARNING] >>> 
Skipping the installation of library -> FlexibleSUSY-lowMSSM 
·•· Library.FlexibleSUSY-lowMSSM 
	- 07-13 16:26:17.866 - [WARNING] >>> 
Initializating Library -> FlexibleSUSY-lowMSSM 
·•· Library.FlexibleSUSY-lowMSSM 
	- 07-13 16:26:17.867 - [INFO] >>> 
FlexibleSUSY-lowMSSM has found and correctly installed. 
·•· Library.FlexibleSUSY-lowMSSM 
	- 07-13 16:26:17.867 - [INFO] >>> 
FlexibleSUSY-lowMSSM is already installed with matching configuration. 
·•· Library.FlexibleSUSY-lowMSSM 
	- 07-13 16:26:17.883 - [WARNING] >>> 
Skipping the installation of library -> FlexibleSUSY-lowMSSM 
·•· Library.FlexibleSUSY-lowMSSM 
	- 07-13 16:26:33.585 - [WARNING] >>> 
Initializating Library -> FlexibleSUSY-lowMSSM 
·•· Library.FlexibleSUSY-lowMSSM 
	- 07-13 16:26:33.586 - [INFO] >>> 
FlexibleSUSY-lowMSSM has found and correctly installed. 
·•· Library.FlexibleSUSY-lowMSSM 
	- 07-13 16:26:33.586 - [INFO] >>> 
FlexibleSUSY-lowMSSM is already installed with matching configuration. 
·•· Library.FlexibleSUSY-lowMSSM 
	- 07-13 16:26:33.601 - [WARNING] >>> 
Skipping the installation of library -> FlexibleSUSY-lowMSSM 
·•· Library.FlexibleSUSY-lowMSSM 
	- 07-13 16:26:51.401 - [WARNING] >>> 
Initializating Library -> FlexibleSUSY-lowMSSM 
·•· Library.FlexibleSUSY-lowMSSM 
	- 07-13 16:26:51.402 - [INFO] >>> 
FlexibleSUSY-lowMSSM has found and correctly installed. 
·•· Library.FlexibleSUSY-lowMSSM 
	- 07-13 16:26:51.402 - [INFO] >>> 
FlexibleSUSY-lowMSSM is already installed with matching configuration. 
·•· Library.FlexibleSUSY-lowMSSM 
	- 07-13 16:26:51.418 - [WARNING] >>> 
Skipping the installation of library -> FlexibleSUSY-lowMSSM 